# charset = cp1251

### Aliases should be at the front; correct => misspell1, misspell2...
# alias Чёрный	=>	Черный
# alias Кушелёв-Безбородко => Кушелев-Безбородко
# alias Кушелёв-Безбородко => Кушелев-Безбородко
# alias Гумилёв		   => Гумилев

Александр Дольский
Александр Мирзаян
Александр Суханов
Александр Вертинский (1889-03-21--1957-05-21)
Александр Городницкий
Булат Окуджава (1924-5-9--1997-6-12)
Елена Камбурова
Михаил Щербаков
Новелла Матвеева
Вера Матвеева (1945-10-23--1976-8-11)
Ада (Ариадна Адамовна) Якушева
Владимир Сергеевич Дашкевич

## First prefered:
Сергей и Татьяна Никитины
##Татьяна и Сергей Никитины

Сергей Никитин
Валерий Агафонов (1941-10-3-1984-9-5)
Виктор Берковский (1932-07-13--2005-07-22)
Владимир Высоцкий (1938-1-25--1980-7-25)
Юлий Ким
фольклор МГУ
Дмитрий Сухарев
Арсений Тарковский (1907-6-24--1989-5-27)
Агния Барто (1906-2-17--1981-4-1)
Вадим Владимирович Егоров
Иван Семенович Киуру
Григорий Поженян
Лариса Критская

Андрей Вознесенский
Александр Кушнер
Борис Леонидович Пастернак (1890-2-10--1960-5-30)
Осип Эмильевич Мандельштам (1891-1-15--1938-12-27)
Владимир Владимирович Маяковский (1893-07-19--1930-4-14) 
Андрей Миронов (1941-3-8--1987-8-16)
Андрей Петров
Александр Блок (1880-11-28--1921-8-7)
Борис Владимирович Заходер (1918-9-9-2000-11-7)
Борис Натанович Стругацкий
Борис Слуцкий (1919-5-7--1986-2-22)
Юрий Визбор (1934-6-20--1984-9-17)
Юрий Давыдович Левитанский (1922-1-21--1996-1-24)
Ада Якушева
Александр Галич (1918-10-19--1977-12-15)
Александр Дулов
Вероника Тушнова (1915-1965)
Андрей Макаревич
Борис Гребенщиков
Александр Карпов
Андрей Корф
Домино
Игорь Белый
Кирилл Волошин
Леонид Сергеев
Наталья Приезжева
Олег Митяев
Скай
Светлана Ветрова
Таня Королева
Тимур Шаов
Три Сучка
Вадим и Валерий Мищуки
Вероника Долина
Владимир Ланцберг

## This causes infinite loop of expansion Иващенко => Васильев и Иващенко => Иващенко
## Васильев и Иващенко

Михаил Светлов (1903-6-17--1964-7-28)
Эдуард Багрицкий (1895-11-4--1939-2-16)
Виктор Соснора
Николай Заболоцкий (1903-5-7--1958-10-14)
Георгий Иванов (1894-11-10--1958-8-26)
Даниил Хармс (1905-12-30--1942-2-2)
Дон Аминадо (1888-5-7--1957-11-14)
Евгений Евтушенко
Евгений Клячкин (1934-3-23--1994-7-30)
Иосиф Александрович Бродский (1940-5-24--1996-1-28)
Олег Чухонцев
Павел Коган (1918-7-7--1942)
Поль Верлен (1844-3-30--1896-1-8)
Юрий Аделунг (1945-4-3--1993-1-6)
Давид Самуилович Самойлов (1920-6-1--1990-2-23)
Генрих Вениаминович Сапгир (1928-11-20--1999-10-7)
Овсей Дриз (1908-5-16--1971-2-14)
Иван Крылов (1769-2-13--1844-11-21)
Самуил Яковлевич Маршак (1887-11-3--1964-7-4)
Константин Библ (1898-2-26--1951-11-12)
Марина Ивановна Цветаева (1992-10-8--1941-8-31)
Саша Чёрный (1880-10-13--1932-7-5)
Вениамин Борисович Смехов
Максимилиан Александрович Волошин (1877-5-28--1932-8-11)
Николай Степанович Гумилёв (1886-4-15--1921-8)
Григорий Александрович Кушелёв-Безбородко (1832-2-1--1870-5-13),
Пётр Андреевич Вяземский (1792-7-23--1878-11-22)
Михаил Львович Матусовский (1915-7-23--1990-7-16)
Александр Александрович Алябьев (1787-8-15--1851-3-6)
Борис Алексеевич Прозоровский (1891-6-30--1937)

## Maurice Car^eme
Морис Карем (1899-5-12--1978-1-13)

## dates not checked
Михаил Кудимов
Борис Носик
Вадим Егоров
Тим Собакин
Юрий Кузнецов
Агнешка Осеецкая

А. Н. Островский
Антон Павлович Чехов (1860-1-29--1904-7-15)
Александр Сергеевич Грибоедов (1790(5?)-1-15-1829-2-11)
Александр Сергеевич Пушкин (1799-6-6-1837-2-10)
Андре Моруа (1885-1967)
Аркадий Аверченко (1881-3-18--1925-3-18)
Василь Быков (1924-6-19--2003-6-22)
Владимир Алексеевич Гиляровский (1853-12-8---1935-10-1)
Денис Иванович Фонвизин (1744(5?)-4-3--1792)
Джек Лондон (1876-1-12--1916-11-22)
Иван Алексеевич Бунин (1870-10-22--1953-11-8)
Илья Ильф (1897-10-15--1937-4-12)
Евгений Петров (1903-12-13--1942-7)
Иван Сергеевич Тургенев (1818-10-28--1883-11-22)
Исаак Бабель (1894-7-13-1940-1-27)
Лев Николаевич Толстой (1828-9-9--1910-11-20)
Михаил Афанасьевич Булгаков (1891-5-15--1940-3-10)
Михаил Юрьевич Лермонтов (1814-10-15--1841-7-27)
Николай Васильевич Гоголь (1809-4-1--1852-3-4)
Николай Семёнович Лесков (1831-2-16--1895-3-5)
О. Генри (1862-7-11--1910-6-5)
Оскар Уайльд (1984-10-16--1900-11-13)
Фёдор Михайлович Достоевский (1821-11-11--1881-2-9)
Ганс Христиан Андерсен (1805-4-2--1875-8-4)
Ярослав Гашек (1883-4-30--1923-3-3)
Джозеф Редьярд Киплинг (1865-12-30--1936-1-18)

Юрий Аделунг (1945-4-3--1993-1-6)
Алексей Николаевич Апухтин (1840(1?)-11-27--1893-8-29)
Афанасий Афанасьевич Фет (1820-12-5--1892-12-3)
Алексей Константинович Толстой (1817-9-5--1875-10-10)
Владимир Владимирович Набоков (1899-4-24--1977-7-2)
Роберт Иванович Рождественский (1932-6-20--1994-3-20)
Владимир Туриянский
Вадим Сергеевич Шефнер (1915-2002)
Иннокентий Фёдорович Анненский (1855-9-1--1909-12-11)
Илья Львович Сельвинский (1899-10-24--1968-3-22)
Исаак Иосифович Шварц
Илья Григорьевич Эренбург (1891-1-27--1967-8-31)
Михаил Сергеевич Боярский
Максимилиан Александрович Волошин (1877-5-28-1932-8-11)
Микаэл Таривердиев (1931-8-15--1996-6-24)
Николай Михайлович Рубцов (1936-1-3--1971-1-19)
Федор Иванович Тютчев (1803-12-5--1873-7-27)
Николоз Мелитонович Бараташвили (1817-12-27--1845-10-21)
Вера Ильинична Матвеева (1945-10-23--1976-8-11)
Геннадий Фёдорович Шпаликов (1937-09-06--1974-11-01)
Александр Моисеевич Володин (1919-2-10--2001-12-17)
Юрий Абрамович Левитин (1912-12-18--1993-8-2)
Сергей Александрович Есенин (1895-10-3--1925-12-28)

## В. Берестов
## В. Золотухин
## В. Смехов

Олег Анофриев
Олег Иванович Даль (1941-5-25--1981-5-3)
Перси Биши Шелли (1792-8-4--1822-7-8)
Римма Фёдоровна Казакова
Эльдар Рязанов
Эдуард Николаевич Успенский
Юрий Алексеевич Кукин
Юнна Петровна Мориц

## Я. Пригожий

### These should be at the end

### Possible misspellings of the first name
# fix_firstname фолклор МГУ

### Misspelling of older versions fixed: misspelled => correct_shortcut
# fix Ivan Krylov (1769-1844)		=> Крылов
# fix Samuil Marshak (1887-1964)	=> Маршак
# fix А. С. Грибоедов (1790(5?)-1829)	=> Александр Сергеевич Грибоедов (1790(5?)-1-15-1829-2-11)
# fix Д. И. Фонвизин (1744(5?)-1792)	=> Денис Иванович Фонвизин (1744(5?)-4-3--1792)
# fix Х. К. Андерсен			=> Андерсен
# fix П.-Б. Шелли			=> Шелли
# fix Эдуард Багрицкий (1922-1942)	=> Багрицкий
# fix Иосиф Александрович Бродский (19405-24--1996-1-28)	=> Бродский
# fix Татьяна и Сергей Никитины		=> Сергей и Татьяна Никитины
# fix Р. Киплинг			=> Киплинг

## Non-automatic shortnames
# shortname Дм. Сухарев
# shortname Никитины
# shortname Арс. Тарковский
# shortname И. Киуру
# shortname А. Апухтин
# shortname Дж. Киплинг
# shortname Дж. Лондон

## This might be wrongly expanded when combinations like
##		Сергей и Татьяна Никитины, Виктор Берковский
## are broken over "," and "и"

# keep Татьяна Никитины
# keep Сергей Никитины
